00:00 +0: loading C:/Users/robneh01/Documents/digital_bricks/test/recursion_test.dart
00:00 +0: IntegratedCircuit detects infinite recursion
00:00 +0 -1: IntegratedCircuit detects infinite recursion [E]
  Expected: contains 'Maximum recursion depth'
    Actual: 'Should have thrown an exception due to depth limit'
     Which: does not contain 'Maximum recursion depth'
  
  package:matcher                                     expect
  package:flutter_test/src/widget_tester.dart 473:18  expect
  test\recursion_test.dart 95:7                       main.<fn>
  
00:00 +0 -1: Some tests failed.
